[debug] [2026-03-04T06:50:01.419Z] ----------------------------------------------------------------------
[debug] [2026-03-04T06:50:01.420Z] Command:       C:\Program Files\nodejs\node.exe C:\Users\Lenovo\AppData\Roaming\npm\node_modules\firebase-tools\lib\bin\firebase.js init
[debug] [2026-03-04T06:50:01.421Z] CLI Version:   15.8.0
[debug] [2026-03-04T06:50:01.421Z] Platform:      win32
[debug] [2026-03-04T06:50:01.421Z] Node Version:  v22.11.0
[debug] [2026-03-04T06:50:01.421Z] Time:          Wed Mar 04 2026 13:50:01 GMT+0700 (เวลาอินโดจีน)
[debug] [2026-03-04T06:50:01.421Z] ----------------------------------------------------------------------
[debug] 
[debug] [2026-03-04T06:50:01.422Z] >>> [apiv2][query] GET https://firebase-public.firebaseio.com/cli.json [none]
[info] 
     ######## #### ########  ######## ########     ###     ######  ########
     ##        ##  ##     ## ##       ##     ##  ##   ##  ##       ##
     ######    ##  ########  ######   ########  #########  ######  ######
     ##        ##  ##    ##  ##       ##     ## ##     ##       ## ##
     ##       #### ##     ## ######## ########  ##     ##  ######  ########

You're about to initialize a Firebase project in this directory:

  C:\Users\Lenovo\Documents\Web Technology\WebReact\myweb

[debug] [2026-03-04T06:50:03.039Z] <<< [apiv2][status] GET https://firebase-public.firebaseio.com/cli.json 200
[debug] [2026-03-04T06:50:03.039Z] <<< [apiv2][body] GET https://firebase-public.firebaseio.com/cli.json {"cloudBuildErrorAfter":1594252800000,"cloudBuildWarnAfter":1590019200000,"defaultNode10After":1594252800000,"minVersion":"3.0.5","node8DeploysDisabledAfter":1613390400000,"node8RuntimeDisabledAfter":1615809600000,"node8WarnAfter":1600128000000}
[info] 
=== Project Setup
[info] 
[info] First, let's associate this project directory with a Firebase project.
[info] You can create multiple project aliases by running firebase use --add, 
[info] 
[debug] [2026-03-04T06:50:44.935Z] > command requires scopes: ["email","openid","https://www.googleapis.com/auth/cloudplatformprojects.readonly","https://www.googleapis.com/auth/firebase","https://www.googleapis.com/auth/cloud-platform"]
[debug] [2026-03-04T06:50:44.935Z] > authorizing via signed-in user (s6802041510198@email.kmutnb.ac.th)
[debug] [2026-03-04T06:50:44.935Z] Checked if tokens are valid: false, expires at: 1766570769707
[debug] [2026-03-04T06:50:44.936Z] Checked if tokens are valid: false, expires at: 1766570769707
[debug] [2026-03-04T06:50:44.936Z] > refreshing access token with scopes: []
[debug] [2026-03-04T06:50:44.936Z] >>> [apiv2][query] POST https://www.googleapis.com/oauth2/v3/token [none]
[debug] [2026-03-04T06:50:44.936Z] >>> [apiv2][body] POST https://www.googleapis.com/oauth2/v3/token [omitted]
[debug] [2026-03-04T06:50:45.055Z] <<< [apiv2][status] POST https://www.googleapis.com/oauth2/v3/token 200
[debug] [2026-03-04T06:50:45.055Z] <<< [apiv2][body] POST https://www.googleapis.com/oauth2/v3/token [omitted]
[debug] [2026-03-04T06:50:45.063Z] >>> [apiv2][query] GET https://firebase.googleapis.com/v1beta1/projects pageSize=100
[debug] [2026-03-04T06:50:45.743Z] <<< [apiv2][status] GET https://firebase.googleapis.com/v1beta1/projects 200
[debug] [2026-03-04T06:50:45.743Z] <<< [apiv2][body] GET https://firebase.googleapis.com/v1beta1/projects [omitted]
[info] 
=== Hosting Setup
[debug] [2026-03-04T06:50:52.110Z] Checked if tokens are valid: true, expires at: 1772610644055
[debug] [2026-03-04T06:50:52.110Z] Checked if tokens are valid: true, expires at: 1772610644055
[debug] [2026-03-04T06:50:52.110Z] >>> [apiv2][query] GET https://firebase.googleapis.com/v1beta1/projects/apinat-react [none]
[debug] [2026-03-04T06:50:52.519Z] <<< [apiv2][status] GET https://firebase.googleapis.com/v1beta1/projects/apinat-react 200
[debug] [2026-03-04T06:50:52.519Z] <<< [apiv2][body] GET https://firebase.googleapis.com/v1beta1/projects/apinat-react {"projectId":"apinat-react","projectNumber":"268156421352","displayName":"Apinat-react","name":"projects/apinat-react","resources":{"hostingSite":"apinat-react"},"state":"ACTIVE","etag":"1_37bf6f4d-99af-44ee-bf5c-40b3aef60fc5"}
[info] 
[info] Your public directory is the folder (relative to your project directory) that
[info] will contain Hosting assets to be uploaded with firebase deploy. If you
[info] have a build process for your assets, use your build's output directory.
[info] 
[debug] [2026-03-04T06:59:32.104Z] ExitPromptError: User force closed the prompt with SIGINT
    at Interface.sigint (C:\Users\Lenovo\AppData\Roaming\npm\node_modules\firebase-tools\node_modules\@inquirer\core\dist\commonjs\lib\create-prompt.js:101:37)
    at Interface.emit (node:events:518:28)
    at [_ttyWrite] [as _ttyWrite] (node:internal/readline/interface:1124:18)
    at ReadStream.onkeypress (node:internal/readline/interface:263:20)
    at ReadStream.emit (node:events:530:35)
    at emitKeys (node:internal/readline/utils:370:14)
    at emitKeys.next (<anonymous>)
    at ReadStream.onData (node:internal/readline/emitKeypressEvents:64:36)
    at ReadStream.emit (node:events:518:28)
    at addChunk (node:internal/streams/readable:561:12)
[error] 
[error] Error: An unexpected error has occurred.
